// Jest Snapshot v1, https://goo.gl/fbAQLP

exports[`Footer renders Footer component 1`] = `
Object {
  "asFragment": [Function],
  "baseElement": <body>
    <div>
      <footer
        class="mt-40 md:mt-0 sub-bg-color p-10 w-full"
      >
        <div
          class="flex justify-evenly flex-col md:flex-row "
        >
          <div>
            <h2
              class="text-white font-bold text-3xl"
              data-testid="footer-logo"
            >
              TypeFastr
            </h2>
            <h4
              class="text-white text-sm"
            >
              © 2020, 
              <a
                href="https://adebola.dev"
              >
                Designed by Adebola.
              </a>
            </h4>
          </div>
          <div
            class="flex flex-col mt-4 md:mt-0"
          >
            <h1
              class="text-white font-bold"
            >
              About Creator
            </h1>
            <h3
              class="text-gray-500"
            >
              <a
                href="https://blog.adebola.dev"
              >
                Blog
              </a>
            </h3>
            <h3
              class="text-gray-500"
            >
              <a
                href="https://adebola.dev"
              >
                Portfolio
              </a>
            </h3>
          </div>
          <div
            class="flex flex-col mt-4 md:mt-0"
          >
            <h1
              class="text-white font-bold"
            >
              Contact
            </h1>
            <h3
              class="text-gray-500"
            >
              <a
                href="https://blog.adebola.dev"
              >
                Blog
              </a>
            </h3>
            <h3
              class="text-gray-500"
            >
              <a
                href="https://adebola.dev"
              >
                Portfolio
              </a>
            </h3>
          </div>
          <div
            class="flex flex-col mt-4 md:mt-0"
          >
            <h1
              class="text-white font-bold"
            >
              More
            </h1>
            <h3
              class="text-gray-500"
            >
              <a
                href="https://blog.adebola.dev"
              >
                TypeFastr
              </a>
            </h3>
            <h3
              class="text-gray-500"
            >
              <a
                href="https://filelockrr.com"
              >
                Other Products
              </a>
            </h3>
          </div>
        </div>
      </footer>
    </div>
  </body>,
  "container": <div>
    <footer
      class="mt-40 md:mt-0 sub-bg-color p-10 w-full"
    >
      <div
        class="flex justify-evenly flex-col md:flex-row "
      >
        <div>
          <h2
            class="text-white font-bold text-3xl"
            data-testid="footer-logo"
          >
            TypeFastr
          </h2>
          <h4
            class="text-white text-sm"
          >
            © 2020, 
            <a
              href="https://adebola.dev"
            >
              Designed by Adebola.
            </a>
          </h4>
        </div>
        <div
          class="flex flex-col mt-4 md:mt-0"
        >
          <h1
            class="text-white font-bold"
          >
            About Creator
          </h1>
          <h3
            class="text-gray-500"
          >
            <a
              href="https://blog.adebola.dev"
            >
              Blog
            </a>
          </h3>
          <h3
            class="text-gray-500"
          >
            <a
              href="https://adebola.dev"
            >
              Portfolio
            </a>
          </h3>
        </div>
        <div
          class="flex flex-col mt-4 md:mt-0"
        >
          <h1
            class="text-white font-bold"
          >
            Contact
          </h1>
          <h3
            class="text-gray-500"
          >
            <a
              href="https://blog.adebola.dev"
            >
              Blog
            </a>
          </h3>
          <h3
            class="text-gray-500"
          >
            <a
              href="https://adebola.dev"
            >
              Portfolio
            </a>
          </h3>
        </div>
        <div
          class="flex flex-col mt-4 md:mt-0"
        >
          <h1
            class="text-white font-bold"
          >
            More
          </h1>
          <h3
            class="text-gray-500"
          >
            <a
              href="https://blog.adebola.dev"
            >
              TypeFastr
            </a>
          </h3>
          <h3
            class="text-gray-500"
          >
            <a
              href="https://filelockrr.com"
            >
              Other Products
            </a>
          </h3>
        </div>
      </div>
    </footer>
  </div>,
  "debug": [Function],
  "findAllByAltText": [Function],
  "findAllByDisplayValue": [Function],
  "findAllByLabelText": [Function],
  "findAllByPlaceholderText": [Function],
  "findAllByRole": [Function],
  "findAllByTestId": [Function],
  "findAllByText": [Function],
  "findAllByTitle": [Function],
  "findByAltText": [Function],
  "findByDisplayValue": [Function],
  "findByLabelText": [Function],
  "findByPlaceholderText": [Function],
  "findByRole": [Function],
  "findByTestId": [Function],
  "findByText": [Function],
  "findByTitle": [Function],
  "getAllByAltText": [Function],
  "getAllByDisplayValue": [Function],
  "getAllByLabelText": [Function],
  "getAllByPlaceholderText": [Function],
  "getAllByRole": [Function],
  "getAllByTestId": [Function],
  "getAllByText": [Function],
  "getAllByTitle": [Function],
  "getByAltText": [Function],
  "getByDisplayValue": [Function],
  "getByLabelText": [Function],
  "getByPlaceholderText": [Function],
  "getByRole": [Function],
  "getByTestId": [Function],
  "getByText": [Function],
  "getByTitle": [Function],
  "queryAllByAltText": [Function],
  "queryAllByDisplayValue": [Function],
  "queryAllByLabelText": [Function],
  "queryAllByPlaceholderText": [Function],
  "queryAllByRole": [Function],
  "queryAllByTestId": [Function],
  "queryAllByText": [Function],
  "queryAllByTitle": [Function],
  "queryByAltText": [Function],
  "queryByDisplayValue": [Function],
  "queryByLabelText": [Function],
  "queryByPlaceholderText": [Function],
  "queryByRole": [Function],
  "queryByTestId": [Function],
  "queryByText": [Function],
  "queryByTitle": [Function],
  "rerender": [Function],
  "unmount": [Function],
}
`;
